[debug] [2026-07-13T01:29:17.943Z] ----------------------------------------------------------------------
[debug] [2026-07-13T01:29:17.944Z] Command:       /usr/local/bin/node /usr/local/bin/firebase functions:secrets:set CLAUDE_API_KEY
[debug] [2026-07-13T01:29:17.944Z] CLI Version:   15.23.0
[debug] [2026-07-13T01:29:17.944Z] Platform:      darwin
[debug] [2026-07-13T01:29:17.944Z] Node Version:  v24.16.0
[debug] [2026-07-13T01:29:17.944Z] Detected Agent: unknown
[debug] [2026-07-13T01:29:17.944Z] Time:          Mon Jul 13 2026 04:29:17 GMT+0300 (שעון ישראל (קיץ))
[debug] [2026-07-13T01:29:17.944Z] ----------------------------------------------------------------------
[debug] 
[debug] [2026-07-13T01:29:18.006Z] > command requires scopes: ["email","openid","https://www.googleapis.com/auth/cloudplatformprojects.readonly","https://www.googleapis.com/auth/firebase","https://www.googleapis.com/auth/cloud-platform"]
[debug] [2026-07-13T01:29:18.006Z] > authorizing via signed-in user (orikatash8@gmail.com)
[debug] [2026-07-13T01:29:18.006Z] > command requires scopes: ["email","openid","https://www.googleapis.com/auth/cloudplatformprojects.readonly","https://www.googleapis.com/auth/firebase","https://www.googleapis.com/auth/cloud-platform"]
[debug] [2026-07-13T01:29:18.006Z] > authorizing via signed-in user (orikatash8@gmail.com)
[debug] [2026-07-13T01:29:18.006Z] [iam] checking project bama-af0a0 for permissions ["firebase.projects.get","secretmanager.secrets.create","secretmanager.secrets.get","secretmanager.secrets.update","secretmanager.versions.add"]
[debug] [2026-07-13T01:29:18.010Z] Checked if tokens are valid: true, expires at: 1783907344112
[debug] [2026-07-13T01:29:18.010Z] Checked if tokens are valid: true, expires at: 1783907344112
[debug] [2026-07-13T01:29:18.010Z] >>> [apiv2][query] POST https://cloudresourcemanager.googleapis.com/v1/projects/bama-af0a0:testIamPermissions [none]
[debug] [2026-07-13T01:29:18.010Z] >>> [apiv2][(partial)header] POST https://cloudresourcemanager.googleapis.com/v1/projects/bama-af0a0:testIamPermissions  x-goog-user-project=bama-af0a0
[debug] [2026-07-13T01:29:18.010Z] >>> [apiv2][body] POST https://cloudresourcemanager.googleapis.com/v1/projects/bama-af0a0:testIamPermissions {"permissions":["firebase.projects.get","secretmanager.secrets.create","secretmanager.secrets.get","secretmanager.secrets.update","secretmanager.versions.add"]}
[debug] [2026-07-13T01:29:19.079Z] <<< [apiv2][status] POST https://cloudresourcemanager.googleapis.com/v1/projects/bama-af0a0:testIamPermissions 200
[debug] [2026-07-13T01:29:19.079Z] <<< [apiv2][body] POST https://cloudresourcemanager.googleapis.com/v1/projects/bama-af0a0:testIamPermissions {"permissions":["firebase.projects.get","secretmanager.secrets.create","secretmanager.secrets.get","secretmanager.secrets.update","secretmanager.versions.add"]}
[debug] [2026-07-13T01:29:19.079Z] Checked if tokens are valid: true, expires at: 1783907344112
[debug] [2026-07-13T01:29:19.079Z] Checked if tokens are valid: true, expires at: 1783907344112
[debug] [2026-07-13T01:29:19.079Z] >>> [apiv2][query] GET https://cloudresourcemanager.googleapis.com/v1/projects/bama-af0a0 [none]
[debug] [2026-07-13T01:29:19.312Z] <<< [apiv2][status] GET https://cloudresourcemanager.googleapis.com/v1/projects/bama-af0a0 200
[debug] [2026-07-13T01:29:19.312Z] <<< [apiv2][body] GET https://cloudresourcemanager.googleapis.com/v1/projects/bama-af0a0 {"projectNumber":"165833515213","projectId":"bama-af0a0","lifecycleState":"ACTIVE","name":"bama","labels":{"firebase":"enabled","firebase-core":"disabled"},"createTime":"2026-05-24T10:30:13.334Z"}
[debug] [2026-07-13T01:29:19.313Z] Checked if tokens are valid: true, expires at: 1783907344112
[debug] [2026-07-13T01:29:19.313Z] Checked if tokens are valid: true, expires at: 1783907344112
[debug] [2026-07-13T01:29:19.313Z] >>> [apiv2][query] GET https://secretmanager.googleapis.com/v1/projects/bama-af0a0/secrets/CLAUDE_API_KEY [none]
[debug] [2026-07-13T01:29:19.918Z] <<< [apiv2][status] GET https://secretmanager.googleapis.com/v1/projects/bama-af0a0/secrets/CLAUDE_API_KEY 200
[debug] [2026-07-13T01:29:19.919Z] <<< [apiv2][body] GET https://secretmanager.googleapis.com/v1/projects/bama-af0a0/secrets/CLAUDE_API_KEY {"name":"projects/165833515213/secrets/CLAUDE_API_KEY","replication":{"automatic":{}},"createTime":"2026-07-13T00:54:36.714328Z","labels":{"firebase-managed":"functions"},"etag":"\"16567388d956c5\""}
[debug] [2026-07-13T01:29:22.189Z] Checked if tokens are valid: true, expires at: 1783907344112
[debug] [2026-07-13T01:29:22.190Z] Checked if tokens are valid: true, expires at: 1783907344112
[debug] [2026-07-13T01:29:22.190Z] >>> [apiv2][query] POST https://secretmanager.googleapis.com/v1/projects/bama-af0a0/secrets/CLAUDE_API_KEY:addVersion [none]
[debug] [2026-07-13T01:29:22.190Z] >>> [apiv2][body] POST https://secretmanager.googleapis.com/v1/projects/bama-af0a0/secrets/CLAUDE_API_KEY:addVersion {"payload":{"data":"ZmlyZWJhc2UgZnVuY3Rpb25zOnNlY3JldHM6c2V0IENMQVVERV9BUElfS0VZ"}}
[debug] [2026-07-13T01:29:23.347Z] <<< [apiv2][status] POST https://secretmanager.googleapis.com/v1/projects/bama-af0a0/secrets/CLAUDE_API_KEY:addVersion 200
[debug] [2026-07-13T01:29:23.348Z] <<< [apiv2][body] POST https://secretmanager.googleapis.com/v1/projects/bama-af0a0/secrets/CLAUDE_API_KEY:addVersion {"name":"projects/165833515213/secrets/CLAUDE_API_KEY/versions/2","createTime":"2026-07-13T01:29:23.270901Z","state":"ENABLED","replicationStatus":{"automatic":{}},"etag":"\"165674052ca4f5\""}
[info] ✔  Created a new secret version projects/165833515213/secrets/CLAUDE_API_KEY/versions/2 
[debug] [2026-07-13T01:29:23.349Z] Checked if tokens are valid: true, expires at: 1783907344112
[debug] [2026-07-13T01:29:23.349Z] Checked if tokens are valid: true, expires at: 1783907344112
[debug] [2026-07-13T01:29:23.349Z] >>> [apiv2][query] GET https://cloudfunctions.googleapis.com/v1/projects/bama-af0a0/locations/-/functions [none]
[debug] [2026-07-13T01:29:24.472Z] <<< [apiv2][status] GET https://cloudfunctions.googleapis.com/v1/projects/bama-af0a0/locations/-/functions 200
[debug] [2026-07-13T01:29:24.472Z] <<< [apiv2][body] GET https://cloudfunctions.googleapis.com/v1/projects/bama-af0a0/locations/-/functions {"functions":[{"name":"projects/bama-af0a0/locations/us-central1/functions/onUserCreate","eventTrigger":{"eventType":"providers/firebase.auth/eventTypes/user.create","resource":"projects/bama-af0a0","service":"firebaseauth.googleapis.com","failurePolicy":{}},"status":"ACTIVE","entryPoint":"onUserCreate","timeout":"60s","availableMemoryMb":256,"serviceAccountEmail":"bama-af0a0@appspot.gserviceaccount.com","updateTime":"2026-07-13T01:04:12.798658748Z","versionId":"1","labels":{"deployment-tool":"cli-firebase","firebase-functions-hash":"27b36b722a70c2a38f314e13a0a067baacf51f29"},"sourceUploadUrl":"https://storage.googleapis.com/uploads-660341486846.us-central1.cloudfunctions.appspot.com/c2a5322d-564f-440e-8c2c-620f4acca620.zip","environmentVariables":{"FIREBASE_CONFIG":"{\"projectId\":\"bama-af0a0\",\"storageBucket\":\"bama-af0a0.firebasestorage.app\"}","GCLOUD_PROJECT":"bama-af0a0","EVENTARC_CLOUD_EVENT_SOURCE":"projects/bama-af0a0/locations/us-central1/functions/onUserCreate"},"runtime":"nodejs20","maxInstances":3000,"ingressSettings":"ALLOW_ALL","buildId":"2e3e6799-ee74-44aa-9e29-5439a65d284b","buildEnvironmentVariables":{"GOOGLE_NODE_RUN_SCRIPTS":""},"buildName":"projects/165833515213/locations/us-central1/builds/2e3e6799-ee74-44aa-9e29-5439a65d284b","dockerRegistry":"ARTIFACT_REGISTRY","automaticUpdatePolicy":{},"buildServiceAccount":"projects/bama-af0a0/serviceAccounts/165833515213-compute@developer.gserviceaccount.com","satisfiesPzi":true},{"name":"projects/bama-af0a0/locations/us-central1/functions/onBookingCreate","eventTrigger":{"eventType":"providers/cloud.firestore/eventTypes/document.create","resource":"projects/bama-af0a0/databases/(default)/documents/bookings/{bookingId}","service":"firestore.googleapis.com","failurePolicy":{}},"status":"UNKNOWN","entryPoint":"onBookingCreate","timeout":"60s","availableMemoryMb":256,"serviceAccountEmail":"bama-af0a0@appspot.gserviceaccount.com","updateTime":"2026-07-13T01:04:10.478134603Z","versionId":"1","labels":{"deployment-tool":"cli-firebase","firebase-functions-hash":"27b36b722a70c2a38f314e13a0a067baacf51f29"},"sourceUploadUrl":"https://storage.googleapis.com/uploads-660341486846.us-central1.cloudfunctions.appspot.com/c2a5322d-564f-440e-8c2c-620f4acca620.zip","environmentVariables":{"FIREBASE_CONFIG":"{\"projectId\":\"bama-af0a0\",\"storageBucket\":\"bama-af0a0.firebasestorage.app\"}","GCLOUD_PROJECT":"bama-af0a0","EVENTARC_CLOUD_EVENT_SOURCE":"projects/bama-af0a0/locations/us-central1/functions/onBookingCreate"},"runtime":"nodejs20","maxInstances":3000,"ingressSettings":"ALLOW_ALL","buildId":"2e3e6799-ee74-44aa-9e29-5439a65d284b","buildEnvironmentVariables":{"GOOGLE_NODE_RUN_SCRIPTS":""},"buildName":"projects/165833515213/locations/us-central1/builds/2e3e6799-ee74-44aa-9e29-5439a65d284b","dockerRegistry":"ARTIFACT_REGISTRY","automaticUpdatePolicy":{},"buildServiceAccount":"projects/bama-af0a0/serviceAccounts/165833515213-compute@developer.gserviceaccount.com","satisfiesPzi":true},{"name":"projects/bama-af0a0/locations/us-central1/functions/onNotificationCreate","eventTrigger":{"eventType":"providers/cloud.firestore/eventTypes/document.create","resource":"projects/bama-af0a0/databases/(default)/documents/notifications/{notificationId}","service":"firestore.googleapis.com","failurePolicy":{}},"status":"UNKNOWN","entryPoint":"onNotificationCreate","timeout":"60s","availableMemoryMb":256,"serviceAccountEmail":"bama-af0a0@appspot.gserviceaccount.com","updateTime":"2026-07-13T01:04:10.393450732Z","versionId":"1","labels":{"firebase-functions-hash":"27b36b722a70c2a38f314e13a0a067baacf51f29","deployment-tool":"cli-firebase"},"sourceUploadUrl":"https://storage.googleapis.com/uploads-660341486846.us-central1.cloudfunctions.appspot.com/c2a5322d-564f-440e-8c2c-620f4acca620.zip","environmentVariables":{"FIREBASE_CONFIG":"{\"projectId\":\"bama-af0a0\",\"storageBucket\":\"bama-af0a0.firebasestorage.app\"}","GCLOUD_PROJECT":"bama-af0a0","EVENTARC_CLOUD_EVENT_SOURCE":"projects/bama-af0a0/locations/us-central1/functions/onNotificationCreate"},"runtime":"nodejs20","maxInstances":3000,"ingressSettings":"ALLOW_ALL","buildId":"2e3e6799-ee74-44aa-9e29-5439a65d284b","buildEnvironmentVariables":{"GOOGLE_NODE_RUN_SCRIPTS":""},"buildName":"projects/165833515213/locations/us-central1/builds/2e3e6799-ee74-44aa-9e29-5439a65d284b","dockerRegistry":"ARTIFACT_REGISTRY","automaticUpdatePolicy":{},"buildServiceAccount":"projects/bama-af0a0/serviceAccounts/165833515213-compute@developer.gserviceaccount.com","satisfiesPzi":true}]}
[debug] [2026-07-13T01:29:24.473Z] Checked if tokens are valid: true, expires at: 1783907344112
[debug] [2026-07-13T01:29:24.474Z] Checked if tokens are valid: true, expires at: 1783907344112
[debug] [2026-07-13T01:29:24.474Z] >>> [apiv2][query] GET https://cloudfunctions.googleapis.com/v2/projects/bama-af0a0/locations/-/functions filter=environment%3D%22GEN_2%22
[debug] [2026-07-13T01:29:25.585Z] <<< [apiv2][status] GET https://cloudfunctions.googleapis.com/v2/projects/bama-af0a0/locations/-/functions 200
[debug] [2026-07-13T01:29:25.585Z] <<< [apiv2][body] GET https://cloudfunctions.googleapis.com/v2/projects/bama-af0a0/locations/-/functions {"functions":[{"name":"projects/bama-af0a0/locations/us-central1/functions/callClaude","buildConfig":{"build":"projects/165833515213/locations/us-central1/builds/d9b2bc45-2dd4-4561-b14b-3a487b967e7d","runtime":"nodejs20","entryPoint":"callClaude","source":{"storageSource":{"bucket":"gcf-v2-sources-165833515213-us-central1","object":"callClaude/function-source.zip","generation":"1783904574741253"}},"environmentVariables":{"GOOGLE_NODE_RUN_SCRIPTS":""},"dockerRepository":"projects/bama-af0a0/locations/us-central1/repositories/gcf-artifacts","sourceProvenance":{"resolvedStorageSource":{"bucket":"gcf-v2-sources-165833515213-us-central1","object":"callClaude/function-source.zip","generation":"1783904574741253"}},"dockerRegistry":"ARTIFACT_REGISTRY","serviceAccount":"projects/bama-af0a0/serviceAccounts/165833515213-compute@developer.gserviceaccount.com","automaticUpdatePolicy":{}},"serviceConfig":{"service":"projects/bama-af0a0/locations/us-central1/services/callclaude","timeoutSeconds":60,"environmentVariables":{"FIREBASE_CONFIG":"{\"projectId\":\"bama-af0a0\",\"storageBucket\":\"bama-af0a0.firebasestorage.app\"}","GCLOUD_PROJECT":"bama-af0a0","EVENTARC_CLOUD_EVENT_SOURCE":"projects/bama-af0a0/locations/us-central1/services/callClaude","FUNCTION_TARGET":"callClaude","LOG_EXECUTION_ID":"true"},"ingressSettings":"ALLOW_ALL","uri":"https://callclaude-4bgz6pkdea-uc.a.run.app","serviceAccountEmail":"165833515213-compute@developer.gserviceaccount.com","availableMemory":"256Mi","allTrafficOnLatestRevision":true,"secretEnvironmentVariables":[{"key":"CLAUDE_API_KEY","projectId":"bama-af0a0","secret":"CLAUDE_API_KEY","version":"1"}],"revision":"callclaude-00001-coj","maxInstanceRequestConcurrency":80,"availableCpu":"1"},"state":"ACTIVE","updateTime":"2026-07-13T01:04:06.012729451Z","labels":{"deployment-tool":"cli-firebase","deployment-callable":"true","firebase-functions-hash":"8b341e7c3fb9b7149b347bf6b9325c00f90673b5"},"environment":"GEN_2","url":"https://us-central1-bama-af0a0.cloudfunctions.net/callClaude","createTime":"2026-07-13T01:02:55.057462657Z","satisfiesPzi":true}]}
[info] i  1 functions are using stale version of secret CLAUDE_API_KEY:
	callClaude(us-central1) 
